C51 COMPILER V9.52.0.0   TIME                                                              03/14/2024 21:19:33 PAGE 1   


C51 COMPILER V9.52.0.0, COMPILATION OF MODULE TIME
OBJECT MODULE PLACED IN time.OBJ
COMPILER INVOKED BY: D:\Program Files (x86)\Keil\C51\BIN\C51.EXE time.c BROWSE DEBUG OBJECTEXTEND

line level    source

   1          #include "reg52.h"
   2          #include "motor.h"
   3          
   4          extern unsigned int speedCnt;
   5          
   6          char signal = 0;
   7          
   8          unsigned int cnt = 0;
   9          unsigned int speed;
  10          
  11          
  12          void Time0Init()
  13          {
  14   1      //1.配置定时器0工作模式为16位计时
  15   1          TMOD = 0x01;
  16   1          //2.给初值，定一个10ms出来
  17   1          TL0 = 0x33;
  18   1          TH0 = 0XFE;
  19   1          //3.开始计时；
  20   1          TR0 = 1;
  21   1          TF0 = 0;
  22   1          //4.打开定时器1中断
  23   1          ET0 = 1;
  24   1          //5.打开总中断EA
  25   1          EA = 1;
  26   1      }
  27          
  28          void Time0Handler() interrupt 1
  29          {
  30   1          
  31   1          cnt++; //统计爆表的次数  cnt=1的时候，爆表1
  32   1          
  33   1          //重新给初值
  34   1          TL0 = 0x33;
  35   1          TH0 = 0XFE;//重新给初值
  36   1          
  37   1      
  38   1          
  39   1          if (cnt == 2000) {//爆表了2000次，经过了不20ms
  40   2              signal = 1;
  41   2              cnt = 0;//当100次表示1s,重新让cnt从0开始，计算下一次的1s
  42   2              speed = speedCnt;
  43   2              speedCnt = 0;//计算小车速度，也就是拿到speedCnt的值
  44   2              //1秒后拿到speedCnt个格子，就能算出这一秒的速度，格子在这里清零
  45   2          }    
  46   1          
  47   1      }


MODULE INFORMATION:   STATIC OVERLAYABLE
   CODE SIZE        =     72    ----
   CONSTANT SIZE    =   ----    ----
   XDATA SIZE       =   ----    ----
   PDATA SIZE       =   ----    ----
   DATA SIZE        =      5    ----
C51 COMPILER V9.52.0.0   TIME                                                              03/14/2024 21:19:33 PAGE 2   

   IDATA SIZE       =   ----    ----
   BIT SIZE         =   ----    ----
END OF MODULE INFORMATION.


C51 COMPILATION COMPLETE.  0 WARNING(S),  0 ERROR(S)
